// Jest Snapshot v1, https://goo.gl/fbAQLP

exports[`Item should be active 1`] = `
ReactWrapper {
  Symbol(enzyme.__unrendered__): <Unknown
    active={true}
    name="Test Name"
    subItems={Array []}
  />,
  Symbol(enzyme.__renderer__): Object {
    "batchedUpdates": [Function],
    "getNode": [Function],
    "render": [Function],
    "simulateError": [Function],
    "simulateEvent": [Function],
    "unmount": [Function],
  },
  Symbol(enzyme.__root__): [Circular],
  Symbol(enzyme.__node__): Object {
    "instance": null,
    "key": undefined,
    "nodeType": "function",
    "props": Object {
      "active": true,
      "name": "Test Name",
      "subItems": Array [],
    },
    "ref": null,
    "rendered": Object {
      "instance": <li
        role="menuitem"
      >
        <div
          class="active"
        >
          <div
            class="item-content"
          >
            Test Name
            <div
              class="chevron"
            />
          </div>
        </div>
        <ul
          class="sub-list "
        />
        <style>
          
        * {
          font-family: PT Serif;
        }
        li {
          position: relative;
          display: flex;
          flex-direction: column;
          font-size: 14px;
          text-indent: 0.25em;
          z-index: 0;
          cursor: pointer;
        }
        ul {
          list-style-type: none;
          padding-left: 0;
          width: auto;
        }
        .sub-list :not(.expanded) {
          display: none;
          height: 0;
          overflow: hidden;
        }
        .item-content {
          display: flex;
          flex-direction: row;
          align-items: center;
          justify-content: space-between;
          margin: 0.5em 0;
        }
        .chevron {
          display: flex;
          align-items: center;
          margin: -5px 5px;
          text-indent: 0;
          color: #313335;
        }
        .active {
          color: #006298;
        }
      
        </style>
      </li>,
      "key": "Test Name",
      "nodeType": "host",
      "props": Object {
        "children": Array [
          undefined,
          <div
            className="active"
          >
            <div
              className="item-content"
            >
              Test Name
              <div
                className="chevron"
              />
            </div>
          </div>,
          <ul
            className="sub-list "
          />,
          <style
            jsx={true}
          >
            
        * {
          font-family: PT Serif;
        }
        li {
          position: relative;
          display: flex;
          flex-direction: column;
          font-size: 14px;
          text-indent: 0.25em;
          z-index: 0;
          cursor: pointer;
        }
        ul {
          list-style-type: none;
          padding-left: 0;
          width: auto;
        }
        .sub-list :not(.expanded) {
          display: none;
          height: 0;
          overflow: hidden;
        }
        .item-content {
          display: flex;
          flex-direction: row;
          align-items: center;
          justify-content: space-between;
          margin: 0.5em 0;
        }
        .chevron {
          display: flex;
          align-items: center;
          margin: -5px 5px;
          text-indent: 0;
          color: #313335;
        }
        .active {
          color: #006298;
        }
      
          </style>,
        ],
        "onClick": [Function],
        "role": "menuitem",
      },
      "ref": null,
      "rendered": Array [
        Object {
          "instance": <div
            class="active"
          >
            <div
              class="item-content"
            >
              Test Name
              <div
                class="chevron"
              />
            </div>
          </div>,
          "key": undefined,
          "nodeType": "host",
          "props": Object {
            "children": <div
              className="item-content"
            >
              Test Name
              <div
                className="chevron"
              />
            </div>,
            "className": "active",
          },
          "ref": null,
          "rendered": Array [
            Object {
              "instance": <div
                class="item-content"
              >
                Test Name
                <div
                  class="chevron"
                />
              </div>,
              "key": undefined,
              "nodeType": "host",
              "props": Object {
                "children": Array [
                  "Test Name",
                  <div
                    className="chevron"
                  />,
                ],
                "className": "item-content",
              },
              "ref": null,
              "rendered": Array [
                "Test Name",
                Object {
                  "instance": <div
                    class="chevron"
                  />,
                  "key": undefined,
                  "nodeType": "host",
                  "props": Object {
                    "children": undefined,
                    "className": "chevron",
                  },
                  "ref": null,
                  "rendered": Array [
                    undefined,
                  ],
                  "type": "div",
                },
              ],
              "type": "div",
            },
          ],
          "type": "div",
        },
        Object {
          "instance": <ul
            class="sub-list "
          />,
          "key": undefined,
          "nodeType": "host",
          "props": Object {
            "children": undefined,
            "className": "sub-list ",
          },
          "ref": null,
          "rendered": Array [
            undefined,
          ],
          "type": "ul",
        },
        Object {
          "instance": <style>
            
        * {
          font-family: PT Serif;
        }
        li {
          position: relative;
          display: flex;
          flex-direction: column;
          font-size: 14px;
          text-indent: 0.25em;
          z-index: 0;
          cursor: pointer;
        }
        ul {
          list-style-type: none;
          padding-left: 0;
          width: auto;
        }
        .sub-list :not(.expanded) {
          display: none;
          height: 0;
          overflow: hidden;
        }
        .item-content {
          display: flex;
          flex-direction: row;
          align-items: center;
          justify-content: space-between;
          margin: 0.5em 0;
        }
        .chevron {
          display: flex;
          align-items: center;
          margin: -5px 5px;
          text-indent: 0;
          color: #313335;
        }
        .active {
          color: #006298;
        }
      
          </style>,
          "key": undefined,
          "nodeType": "host",
          "props": Object {
            "children": "
        * {
          font-family: PT Serif;
        }
        li {
          position: relative;
          display: flex;
          flex-direction: column;
          font-size: 14px;
          text-indent: 0.25em;
          z-index: 0;
          cursor: pointer;
        }
        ul {
          list-style-type: none;
          padding-left: 0;
          width: auto;
        }
        .sub-list :not(.expanded) {
          display: none;
          height: 0;
          overflow: hidden;
        }
        .item-content {
          display: flex;
          flex-direction: row;
          align-items: center;
          justify-content: space-between;
          margin: 0.5em 0;
        }
        .chevron {
          display: flex;
          align-items: center;
          margin: -5px 5px;
          text-indent: 0;
          color: #313335;
        }
        .active {
          color: #006298;
        }
      ",
            "jsx": true,
          },
          "ref": null,
          "rendered": Array [
            "
        * {
          font-family: PT Serif;
        }
        li {
          position: relative;
          display: flex;
          flex-direction: column;
          font-size: 14px;
          text-indent: 0.25em;
          z-index: 0;
          cursor: pointer;
        }
        ul {
          list-style-type: none;
          padding-left: 0;
          width: auto;
        }
        .sub-list :not(.expanded) {
          display: none;
          height: 0;
          overflow: hidden;
        }
        .item-content {
          display: flex;
          flex-direction: row;
          align-items: center;
          justify-content: space-between;
          margin: 0.5em 0;
        }
        .chevron {
          display: flex;
          align-items: center;
          margin: -5px 5px;
          text-indent: 0;
          color: #313335;
        }
        .active {
          color: #006298;
        }
      ",
          ],
          "type": "style",
        },
      ],
      "type": "li",
    },
    "type": [Function],
  },
  Symbol(enzyme.__nodes__): Array [
    Object {
      "instance": null,
      "key": undefined,
      "nodeType": "function",
      "props": Object {
        "active": true,
        "name": "Test Name",
        "subItems": Array [],
      },
      "ref": null,
      "rendered": Object {
        "instance": <li
          role="menuitem"
        >
          <div
            class="active"
          >
            <div
              class="item-content"
            >
              Test Name
              <div
                class="chevron"
              />
            </div>
          </div>
          <ul
            class="sub-list "
          />
          <style>
            
        * {
          font-family: PT Serif;
        }
        li {
          position: relative;
          display: flex;
          flex-direction: column;
          font-size: 14px;
          text-indent: 0.25em;
          z-index: 0;
          cursor: pointer;
        }
        ul {
          list-style-type: none;
          padding-left: 0;
          width: auto;
        }
        .sub-list :not(.expanded) {
          display: none;
          height: 0;
          overflow: hidden;
        }
        .item-content {
          display: flex;
          flex-direction: row;
          align-items: center;
          justify-content: space-between;
          margin: 0.5em 0;
        }
        .chevron {
          display: flex;
          align-items: center;
          margin: -5px 5px;
          text-indent: 0;
          color: #313335;
        }
        .active {
          color: #006298;
        }
      
          </style>
        </li>,
        "key": "Test Name",
        "nodeType": "host",
        "props": Object {
          "children": Array [
            undefined,
            <div
              className="active"
            >
              <div
                className="item-content"
              >
                Test Name
                <div
                  className="chevron"
                />
              </div>
            </div>,
            <ul
              className="sub-list "
            />,
            <style
              jsx={true}
            >
              
        * {
          font-family: PT Serif;
        }
        li {
          position: relative;
          display: flex;
          flex-direction: column;
          font-size: 14px;
          text-indent: 0.25em;
          z-index: 0;
          cursor: pointer;
        }
        ul {
          list-style-type: none;
          padding-left: 0;
          width: auto;
        }
        .sub-list :not(.expanded) {
          display: none;
          height: 0;
          overflow: hidden;
        }
        .item-content {
          display: flex;
          flex-direction: row;
          align-items: center;
          justify-content: space-between;
          margin: 0.5em 0;
        }
        .chevron {
          display: flex;
          align-items: center;
          margin: -5px 5px;
          text-indent: 0;
          color: #313335;
        }
        .active {
          color: #006298;
        }
      
            </style>,
          ],
          "onClick": [Function],
          "role": "menuitem",
        },
        "ref": null,
        "rendered": Array [
          Object {
            "instance": <div
              class="active"
            >
              <div
                class="item-content"
              >
                Test Name
                <div
                  class="chevron"
                />
              </div>
            </div>,
            "key": undefined,
            "nodeType": "host",
            "props": Object {
              "children": <div
                className="item-content"
              >
                Test Name
                <div
                  className="chevron"
                />
              </div>,
              "className": "active",
            },
            "ref": null,
            "rendered": Array [
              Object {
                "instance": <div
                  class="item-content"
                >
                  Test Name
                  <div
                    class="chevron"
                  />
                </div>,
                "key": undefined,
                "nodeType": "host",
                "props": Object {
                  "children": Array [
                    "Test Name",
                    <div
                      className="chevron"
                    />,
                  ],
                  "className": "item-content",
                },
                "ref": null,
                "rendered": Array [
                  "Test Name",
                  Object {
                    "instance": <div
                      class="chevron"
                    />,
                    "key": undefined,
                    "nodeType": "host",
                    "props": Object {
                      "children": undefined,
                      "className": "chevron",
                    },
                    "ref": null,
                    "rendered": Array [
                      undefined,
                    ],
                    "type": "div",
                  },
                ],
                "type": "div",
              },
            ],
            "type": "div",
          },
          Object {
            "instance": <ul
              class="sub-list "
            />,
            "key": undefined,
            "nodeType": "host",
            "props": Object {
              "children": undefined,
              "className": "sub-list ",
            },
            "ref": null,
            "rendered": Array [
              undefined,
            ],
            "type": "ul",
          },
          Object {
            "instance": <style>
              
        * {
          font-family: PT Serif;
        }
        li {
          position: relative;
          display: flex;
          flex-direction: column;
          font-size: 14px;
          text-indent: 0.25em;
          z-index: 0;
          cursor: pointer;
        }
        ul {
          list-style-type: none;
          padding-left: 0;
          width: auto;
        }
        .sub-list :not(.expanded) {
          display: none;
          height: 0;
          overflow: hidden;
        }
        .item-content {
          display: flex;
          flex-direction: row;
          align-items: center;
          justify-content: space-between;
          margin: 0.5em 0;
        }
        .chevron {
          display: flex;
          align-items: center;
          margin: -5px 5px;
          text-indent: 0;
          color: #313335;
        }
        .active {
          color: #006298;
        }
      
            </style>,
            "key": undefined,
            "nodeType": "host",
            "props": Object {
              "children": "
        * {
          font-family: PT Serif;
        }
        li {
          position: relative;
          display: flex;
          flex-direction: column;
          font-size: 14px;
          text-indent: 0.25em;
          z-index: 0;
          cursor: pointer;
        }
        ul {
          list-style-type: none;
          padding-left: 0;
          width: auto;
        }
        .sub-list :not(.expanded) {
          display: none;
          height: 0;
          overflow: hidden;
        }
        .item-content {
          display: flex;
          flex-direction: row;
          align-items: center;
          justify-content: space-between;
          margin: 0.5em 0;
        }
        .chevron {
          display: flex;
          align-items: center;
          margin: -5px 5px;
          text-indent: 0;
          color: #313335;
        }
        .active {
          color: #006298;
        }
      ",
              "jsx": true,
            },
            "ref": null,
            "rendered": Array [
              "
        * {
          font-family: PT Serif;
        }
        li {
          position: relative;
          display: flex;
          flex-direction: column;
          font-size: 14px;
          text-indent: 0.25em;
          z-index: 0;
          cursor: pointer;
        }
        ul {
          list-style-type: none;
          padding-left: 0;
          width: auto;
        }
        .sub-list :not(.expanded) {
          display: none;
          height: 0;
          overflow: hidden;
        }
        .item-content {
          display: flex;
          flex-direction: row;
          align-items: center;
          justify-content: space-between;
          margin: 0.5em 0;
        }
        .chevron {
          display: flex;
          align-items: center;
          margin: -5px 5px;
          text-indent: 0;
          color: #313335;
        }
        .active {
          color: #006298;
        }
      ",
            ],
            "type": "style",
          },
        ],
        "type": "li",
      },
      "type": [Function],
    },
  ],
  Symbol(enzyme.__options__): Object {
    "adapter": ReactSixteenAdapter {
      "options": Object {
        "enableComponentDidUpdateOnSetState": true,
        "lifecycles": Object {
          "componentDidUpdate": Object {
            "onSetState": true,
          },
          "getDerivedStateFromProps": true,
          "getSnapshotBeforeUpdate": true,
          "setState": Object {
            "skipsComponentDidUpdateOnNullish": true,
          },
        },
      },
    },
    "attachTo": undefined,
    "hydrateIn": undefined,
  },
}
`;
